// Jest Snapshot v1, https://goo.gl/fbAQLP

exports[`Components/CustomerListItem matches snapshot 1`] = `
<View
  style={
    {
      "alignItems": "center",
      "flexDirection": "row",
      "marginBottom": 32,
    }
  }
>
  <View
    style={
      {
        "alignItems": "center",
        "backgroundColor": "hsl(209, 100%, 96.5%)",
        "borderBottomLeftRadius": 9,
        "borderBottomRightRadius": 9,
        "borderTopLeftRadius": 9,
        "borderTopRightRadius": 9,
        "flexDirection": "column",
        "height": 44,
        "justifyContent": "center",
        "maxHeight": 44,
        "maxWidth": 44,
        "minHeight": 44,
        "minWidth": 44,
        "width": 44,
      }
    }
  >
    <Text
      cursor="default"
      fontFamily="$body"
      id=":r3:"
      style={
        {
          "alignItems": "center",
          "backgroundColor": "transparent",
          "color": "#4169e1",
          "display": "flex",
          "fontFamily": "Inter",
          "fontSize": 14,
          "letterSpacing": 0,
          "lineHeight": 23,
        }
      }
      suppressHighlighting={true}
      userSelect="none"
    >
      H
    </Text>
  </View>
  <View
    pointerEvents="none"
    style={
      {
        "alignItems": "stretch",
        "height": 18,
        "minHeight": 18,
        "minWidth": 18,
        "width": 18,
      }
    }
  />
  <View
    style={
      {
        "alignItems": "stretch",
        "flexDirection": "column",
      }
    }
  >
    <Text
      cursor="default"
      fontFamily="$body"
      id=":r4:"
      style={
        {
          "alignItems": "center",
          "backgroundColor": "transparent",
          "color": "$color",
          "display": "flex",
          "fontFamily": "Inter",
          "fontSize": 14,
          "letterSpacing": 0,
          "lineHeight": 23,
        }
      }
      suppressHighlighting={true}
      userSelect="none"
    >
      Harry Potter
    </Text>
    <Text
      cursor="default"
      fontFamily="$body"
      id=":r5:"
      style={
        {
          "alignItems": "center",
          "backgroundColor": "transparent",
          "color": "grey",
          "display": "flex",
          "fontFamily": "Inter",
          "fontSize": 14,
          "letterSpacing": 0,
          "lineHeight": 23,
        }
      }
      suppressHighlighting={true}
      userSelect="none"
    >
      Admin
    </Text>
  </View>
</View>
`;
